prisma.config.ts(5,3): error TS2353: Object literal may only specify known properties, and 'earlyAccess' does not exist in type 'PrismaConfig'.
src/lib/notifications.ts(24,9): error TS2322: Type 'string' is not assignable to type 'NotificationType | undefined'.
